#Frame        gamma:1      delta:1        nu1:1        nu2:1       chin:1
       1      60.6213      96.8920     -35.6519      35.4184    -176.7765
