#Frame      Base1    Base2      Shear    Stretch    Stagger     Buckle  Propeller    Opening HB      Major      Minor
       1        1        8     0.0015    -0.0582     0.0316    -0.0063    13.7431    -5.6565  2     0.0000    13.4811
       1        2        7     0.0010    -0.0584     0.0317    -0.0076    13.7419    -5.6490  2    18.0522    13.4811
       1        3        6    -0.0015    -0.0582     0.0317     0.0101    13.7418    -5.6519  2    18.0528    13.4808
       1        4        5    -0.0010    -0.0581     0.0318     0.0038    13.7419    -5.6564  2     0.0000    13.4809

