#Frame   BP1       BP2            Shift      Slide       Rise       Tilt       Roll      Twist
       1    1-8       2-7       -0.0095    -1.7576     3.4011    -0.0739     8.9324    31.4837
       1    2-7       3-6       -0.0002    -1.7663     3.4039     0.0000     8.6899    31.5264
       1    3-6       4-5        0.0098    -1.7581     3.4013     0.0717     8.9352    31.4894

