#Frame   BP1       BP2           X-disp     Y-disp       Rise      Incl.        Tip      Twist
       1    1-8       2-7       -4.6183     0.0045     2.8103    16.0611     0.1330    32.6956
       1    2-7       3-6       -4.6009     0.0004     2.8297    15.6254    -0.0001    32.6728
       1    3-6       4-5       -4.6185    -0.0055     2.8103    16.0631    -0.1289    32.7017

