#Time            <P2>
       0       1.0000
       1      -0.0530
       2      -0.1835
       3       0.2719
       4      -0.1007
       5      -0.0861
       6       0.0953
       7      -0.2610
       8      -0.4370
       9       0.3388
