#Frame                                               Vec_00000
       1  -4.7758  -2.5126   2.5803   0.0000   0.0000   0.0000
       2  -0.0503  -1.8077   0.2488   0.0000   0.0000   0.0000
       3   1.8410   0.0802  -1.5306   0.0000   0.0000   0.0000
       4   1.5924  -0.9369   0.0263   0.0000   0.0000   0.0000
       5  -0.2070  -1.5744   0.5851   0.0000   0.0000   0.0000
       6  -0.0400  -0.2007  -0.3980   0.0000   0.0000   0.0000
       7   0.1609  -0.6021   0.1950   0.0000   0.0000   0.0000
       8  -0.6985   1.1591  -0.1195   0.0000   0.0000   0.0000
       9   0.6584   0.1662   1.6262   0.0000   0.0000   0.0000
      10  -0.3219  -0.0174  -0.1556   0.0000   0.0000   0.0000
